vesc_interface.c:12:6:VESCNavInit	48	static
vesc_interface.c:25:6:VESCNavVel	24	static
vesc_interface.c:36:6:VESCNavPDC	24	static
vesc_interface.c:47:6:VESCNavRPM	24	static
vesc_interface.c:58:6:VESCNavStop	24	static
vesc_interface.c:88:6:VESCNavBrake	24	static
vesc_interface.c:96:6:VESCNavCalVel	24	static
vesc_interface.c:112:7:VESC_calVel	24	static
vesc_interface.c:125:6:VESCPIDProcess	24	static
vesc_interface.c:136:6:VESCPIDAct	8	static
vesc_interface.c:154:6:VESCNav5ms	16	static
vesc_interface.c:180:6:VESCInit	32	static
vesc_interface.c:202:6:VESCVelocity	32	static
vesc_interface.c:224:6:VESCRPM	16	static
vesc_interface.c:249:6:VESCPDC	16	static
vesc_interface.c:260:6:VESCPDCFlywheel	16	static
vesc_interface.c:279:6:VESCStop	16	static
vesc_interface.c:296:6:VESCHandBrake	16	static
vesc_interface.c:311:11:VESCEnquire	24	static
vesc_interface.c:324:6:bldc_send_packet	24	static
