common.c:33:6:set	16	static
common.c:98:6:CalcPoleDist	32	static
common.c:110:6:RobotStart	8	static
common.c:161:6:NormalControl	8	static
common.c:327:6:Init	8	static
common.c:438:6:PS4Tune	16	static
common.c:617:6:RNS_config	56	static
common.c:658:6:manual_mode	8	static
common.c:673:6:enq	8	static
common.c:701:6:Await	16	static
common.c:717:6:ILI9341_Init_List	24	static
common.c:731:6:ILI9341_Update_List	128	static
common.c:748:6:registerPath	28	static
common.c:761:6:esp32Init	16	static
common.c:766:6:esp32StartSend	8	static
common.c:770:6:esp32StopSend	8	static
common.c:774:6:esp32Handler	8	static
